[debug] [2026-09-18T01:56:19.206Z] ----------------------------------------------------------------------
[debug] [2026-09-18T01:56:19.216Z] Command:       C:\Program Files\nodejs\node.exe C:\Users\drexc\AppData\Roaming\npm\node_modules\firebase-tools\lib\bin\firebase.js init hosting
[debug] [2026-09-18T01:56:19.218Z] CLI Version:   15.30.2
[debug] [2026-09-18T01:56:19.218Z] Platform:      win32
[debug] [2026-09-18T01:56:19.219Z] Node Version:  v24.13.0
[debug] [2026-09-18T01:56:19.220Z] Detected Agent: unknown
[debug] [2026-09-18T01:56:19.221Z] Time:          Thu Sep 17 2026 21:56:19 GMT-0400 (hora de Venezuela)
[debug] [2026-09-18T01:56:19.222Z] ----------------------------------------------------------------------
[debug] 
[info] 
     ######## #### ########  ######## ########     ###     ######  ########
     ##        ##  ##     ## ##       ##     ##  ##   ##  ##       ##
     ######    ##  ########  ######   ########  #########  ######  ######
     ##        ##  ##    ##  ##       ##     ## ##     ##       ## ##
     ##       #### ##     ## ######## ########  ##     ##  ######  ########

You're about to initialize a Firebase project in this directory:

  C:\Users\drexc\Desktop\source-6aa1c441fce9960008b0dd98-c3466d11a40d971c (1)

[info] 
=== Project Setup
[info] 
[info] First, let's associate this project directory with a Firebase project.
[info] You can create multiple project aliases by running firebase use --add, 
[info] 
[debug] [2026-09-18T01:57:08.390Z] > command requires scopes: ["email","openid","https://www.googleapis.com/auth/cloudplatformprojects.readonly","https://www.googleapis.com/auth/firebase","https://www.googleapis.com/auth/cloud-platform"]
[debug] [2026-09-18T01:57:08.390Z] > authorizing via signed-in user (drecxegame@gmail.com)
[debug] [2026-09-18T01:57:08.403Z] Checked if tokens are valid: true, expires at: 1789700138631
[debug] [2026-09-18T01:57:08.403Z] Checked if tokens are valid: true, expires at: 1789700138631
[debug] [2026-09-18T01:57:08.404Z] >>> [apiv2][query] GET https://firebase.googleapis.com/v1beta1/projects pageSize=100
[debug] [2026-09-18T01:57:09.100Z] <<< [apiv2][status] GET https://firebase.googleapis.com/v1beta1/projects 200
[debug] [2026-09-18T01:57:09.100Z] <<< [apiv2][body] GET https://firebase.googleapis.com/v1beta1/projects [omitted]
[info] 
=== Hosting Setup
[debug] [2026-09-18T01:57:16.411Z] Checked if tokens are valid: true, expires at: 1789700138631
[debug] [2026-09-18T01:57:16.411Z] Checked if tokens are valid: true, expires at: 1789700138631
[debug] [2026-09-18T01:57:16.411Z] >>> [apiv2][query] GET https://firebase.googleapis.com/v1beta1/projects/caprdatos [none]
[debug] [2026-09-18T01:57:16.820Z] <<< [apiv2][status] GET https://firebase.googleapis.com/v1beta1/projects/caprdatos 200
[debug] [2026-09-18T01:57:16.820Z] <<< [apiv2][body] GET https://firebase.googleapis.com/v1beta1/projects/caprdatos {"projectId":"caprdatos","projectNumber":"654734337537","displayName":"caprdatos","name":"projects/caprdatos","resources":{"hostingSite":"caprdatos"},"state":"ACTIVE","labels":{"firebase":"enabled","firebaseworkflows/environment":"production"},"etag":"1_bf063a8c-4c9e-4b47-aee0-0e7aa9f98e36"}
[info] 
[info] Your public directory is the folder (relative to your project directory) that
[info] will contain Hosting assets to be uploaded with firebase deploy. If you
[info] have a build process for your assets, use your build's output directory.
[info] 
[info] 
[info] i  Didn't detect a .git folder. Assuming C:\Users\drexc\Desktop\source-6aa1c441fce9960008b0dd98-c3466d11a40d971c (1) is the project root. 
[info] i  Authorizing with GitHub to upload your service account to a GitHub repository's secrets store. 
[info] 
[info] Visit this URL on this device to log in:
[info] https://github.com/login/oauth/authorize?client_id=89cf50f02ac6aaed3484&state=400439651&redirect_uri=http%3A%2F%2Flocalhost%3A9005&scope=read%3Auser%20repo%20public_repo
[info] 
[info] Waiting for authentication...
[debug] [2026-09-18T01:58:20.698Z] >>> [apiv2][query] POST https://github.com/login/oauth/access_token [none]
[debug] [2026-09-18T01:58:20.698Z] >>> [apiv2][body] POST https://github.com/login/oauth/access_token [stream]
[debug] [2026-09-18T01:58:21.178Z] <<< [apiv2][status] POST https://github.com/login/oauth/access_token 200
[debug] [2026-09-18T01:58:21.178Z] <<< [apiv2][body] POST https://github.com/login/oauth/access_token {"access_token":"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","token_type":"bearer","scope":"read:user,repo"}
[debug] [2026-09-18T01:58:21.189Z] >>> [apiv2][query] GET https://api.github.com/user [none]
[debug] [2026-09-18T01:58:21.757Z] <<< [apiv2][status] GET https://api.github.com/user 200
[debug] [2026-09-18T01:58:21.757Z] <<< [apiv2][body] GET https://api.github.com/user {"login":"drecxegame-wq","id":327799400,"node_id":"U_kgDOE4nSaA","avatar_url":"https://avatars.githubusercontent.com/u/327799400?v=4","gravatar_id":"","url":"https://api.github.com/users/drecxegame-wq","html_url":"https://github.com/drecxegame-wq","followers_url":"https://api.github.com/users/drecxegame-wq/followers","following_url":"https://api.github.com/users/drecxegame-wq/following{/other_user}","gists_url":"https://api.github.com/users/drecxegame-wq/gists{/gist_id}","starred_url":"https://api.github.com/users/drecxegame-wq/starred{/owner}{/repo}","subscriptions_url":"https://api.github.com/users/drecxegame-wq/subscriptions","organizations_url":"https://api.github.com/users/drecxegame-wq/orgs","repos_url":"https://api.github.com/users/drecxegame-wq/repos","events_url":"https://api.github.com/users/drecxegame-wq/events{/privacy}","received_events_url":"https://api.github.com/users/drecxegame-wq/received_events","type":"User","user_view_type":"private","site_admin":false,"name":null,"company":null,"blog":"","location":null,"email":null,"hireable":null,"bio":null,"twitter_username":null,"notification_email":null,"public_repos":0,"public_gists":0,"followers":0,"following":0,"created_at":"2026-09-11T05:13:07Z","updated_at":"2026-09-11T05:13:07Z","private_gists":0,"total_private_repos":0,"owned_private_repos":0,"disk_usage":0,"collaborators":0,"two_factor_authentication":false,"plan":{"name":"free","space":976562499,"collaborators":0,"private_repos":10000}}
[info] 
[info] +  Success! Logged into GitHub as drecxegame-wq 
[info] 
[debug] [2026-09-18T01:59:12.095Z] >>> [apiv2][query] GET https://api.github.com/repos/firebase deploy/actions/secrets/public-key type=owner
[debug] [2026-09-18T01:59:12.874Z] <<< [apiv2][status] GET https://api.github.com/repos/firebase deploy/actions/secrets/public-key 404
[debug] [2026-09-18T01:59:12.874Z] <<< [apiv2][body] GET https://api.github.com/repos/firebase deploy/actions/secrets/public-key {"message":"Not Found","documentation_url":"https://docs.github.com/rest","status":"404"}
[info] 
[info] 
[error] !  The provided authorization cannot be used with this repository. If this repository is in an organization, did you remember to grant access? 
[info] 
[info] i  Action required: Visit this URL to ensure access has been granted to the appropriate organization(s) for the Firebase CLI GitHub OAuth App: 
[info] https://github.com/settings/connections/applications/89cf50f02ac6aaed3484
[info] 
[debug] [2026-09-18T01:59:23.485Z] >>> [apiv2][query] GET https://api.github.com/repos/firebase deployy/actions/secrets/public-key type=owner
[debug] [2026-09-18T01:59:23.847Z] <<< [apiv2][status] GET https://api.github.com/repos/firebase deployy/actions/secrets/public-key 404
[debug] [2026-09-18T01:59:23.847Z] <<< [apiv2][body] GET https://api.github.com/repos/firebase deployy/actions/secrets/public-key {"message":"Not Found","documentation_url":"https://docs.github.com/rest","status":"404"}
[info] 
[info] 
[error] !  The provided authorization cannot be used with this repository. If this repository is in an organization, did you remember to grant access? 
[info] 
[info] i  Action required: Visit this URL to ensure access has been granted to the appropriate organization(s) for the Firebase CLI GitHub OAuth App: 
[info] https://github.com/settings/connections/applications/89cf50f02ac6aaed3484
[info] 
[debug] [2026-09-18T01:59:30.734Z] >>> [apiv2][query] GET https://api.github.com/repos/y/actions/secrets/public-key type=owner
[debug] [2026-09-18T01:59:31.038Z] <<< [apiv2][status] GET https://api.github.com/repos/y/actions/secrets/public-key 404
[debug] [2026-09-18T01:59:31.038Z] <<< [apiv2][body] GET https://api.github.com/repos/y/actions/secrets/public-key {"message":"Not Found","documentation_url":"https://docs.github.com/rest","status":"404"}
[info] 
[info] 
[error] !  The provided authorization cannot be used with this repository. If this repository is in an organization, did you remember to grant access? 
[info] 
[info] i  Action required: Visit this URL to ensure access has been granted to the appropriate organization(s) for the Firebase CLI GitHub OAuth App: 
[info] https://github.com/settings/connections/applications/89cf50f02ac6aaed3484
[info] 
